// Jest Snapshot v1, https://goo.gl/fbAQLP

exports[`ReservationContainer should match a snapshot 1`] = `<Fragment />`;
